
> my-portfolio@0.1.0 build
> next build

笆ｲ Next.js 16.1.1 (Turbopack)

  Creating an optimized production build ...
笨・Compiled successfully in 1861.6ms
  Running TypeScript ...
node.exe : Failed to
 compile.
発生場所 行:1 文字:1
+ & "C:\Program File
s\nodejs/node.exe" "
C:\Program Files\nod
ejs/node_mo ...
+ ~~~~~~~~~~~~~~~~~~
~~~~~~~~~~~~~~~~~~~~
~~~~~~~~~~~~~~~~~~~~
~~~~~~~~~~~
    + CategoryInfo  
            : NotS  
  pecified: (Fail   
 ed to compile.:    
String) [], Rem    o
teException
    + FullyQualifie 
   dErrorId : Nati  
  veCommandError
 

.next/dev/types/vali
dator.ts:70:39
Type error: Cannot f
ind module '../../..
/pages/About.js' or 
its corresponding ty
pe declarations.

[0m [90m 68 |[39m
 {
 [90m 69 |[39m   t
ype __IsExpected[33
m<[39m[33mSpecific
[39m [36mextends[
39m [33mPagesPageCo
nfig[39m[33m>[39m
 [33m=[39m [33mSp
ecific[39m
[31m[1m>[22m[39m
[90m 70 |[39m   [
36mconst[39m handle
r [33m=[39m {} [3
6mas[39m [36mtypeo
f[39m [36mimport[
39m([32m"../../../p
ages/About.js"[39m)
 [90m    |[39m    
                    
               [31m
[1m^[22m[39m
 [90m 71 |[39m   t
ype __Check [33m=[
39m __IsExpected[33
m<[39m[36mtypeof[
39m handler[33m>[3
9m
 [90m 72 |[39m   
[90m// @ts-ignore[3
9m
 [90m 73 |[39m   t
ype __Unused [33m=
[39m __Check[0m
Next.js build worker
 exited with code: 1
 and signal: null
